============================= test session starts =============================
platform win32 -- Python 3.12.1, pytest-9.0.1, pluggy-1.6.0
rootdir: C:\Users\Aritz\lazarus-enterprise
plugins: anyio-4.11.0, langsmith-0.4.49
collected 0 items / 1 error

=================================== ERRORS ====================================
_________________ ERROR collecting tests/test_sprint3_full.py _________________
ImportError while importing test module 'C:\Users\Aritz\lazarus-enterprise\tests\test_sprint3_full.py'.
Hint: make sure your test modules/packages have valid Python names.
Traceback:
C:\Python312\Lib\importlib\__init__.py:90: in import_module
    return _bootstrap._gcd_import(name[level:], package, level)
           ^^^^^^^^^^^^^^^^^^^^^^^^^^^^^^^^^^^^^^^^^^^^^^^^^^^^
tests\test_sprint3_full.py:3: in <module>
    from fastapi.testclient import TestClient
E   ModuleNotFoundError: No module named 'fastapi'
=========================== short test summary info ===========================
ERROR tests/test_sprint3_full.py
!!!!!!!!!!!!!!!!!!! Interrupted: 1 error during collection !!!!!!!!!!!!!!!!!!!!
============================== 1 error in 0.20s ===============================
